
> voyagerr-lens@1.0.0 test
> jest src/App.test.js

  console.error
    The above error occurred in the <img> component:
        in img (created by App)
        in div (created by App)
        in div (created by App)
        in div (created by App)
        in App
    
    Consider adding an error boundary to your tree to customize error handling behavior.
    Visit https://fb.me/react-error-boundaries to learn more about error boundaries.

    [0m [90m 18 |[39m describe([32m'App Component'[39m[33m,[39m () [33m=>[39m {
     [90m 19 |[39m     test([32m'renders header with title'[39m[33m,[39m () [33m=>[39m {
    [31m[1m>[22m[39m[90m 20 |[39m         render([33m<[39m[33mApp[39m [33m/[39m[33m>[39m)[33m;[39m
     [90m    |[39m               [31m[1m^[22m[39m
     [90m 21 |[39m         expect(screen[33m.[39mgetByText([32m'Voyagerr Lens'[39m))[33m.[39mtoBeInTheDocument()[33m;[39m
     [90m 22 |[39m         expect(screen[33m.[39mgetByText([32m'Analyze code metrics and test coverage'[39m))[33m.[39mtoBeInTheDocument()[33m;[39m
     [90m 23 |[39m     })[33m;[39m[0m

      at logCapturedError (node_modules/react-dom/cjs/react-dom.development.js:19527:21)
      at logError (node_modules/react-dom/cjs/react-dom.development.js:19564:5)
      at update.callback (node_modules/react-dom/cjs/react-dom.development.js:20708:5)
      at callCallback (node_modules/react-dom/cjs/react-dom.development.js:12490:12)
      at commitUpdateQueue (node_modules/react-dom/cjs/react-dom.development.js:12511:9)
      at commitLifeCycles (node_modules/react-dom/cjs/react-dom.development.js:19883:11)
      at commitLayoutEffects (node_modules/react-dom/cjs/react-dom.development.js:22803:7)
      at HTMLUnknownElement.callCallback (node_modules/react-dom/cjs/react-dom.development.js:188:14)
      at HTMLUnknownElement.callTheUserObjectsOperation (node_modules/jsdom/lib/jsdom/living/generated/EventListener.js:26:30)
      at innerInvokeEventListeners (node_modules/jsdom/lib/jsdom/living/events/EventTarget-impl.js:338:25)
      at invokeEventListeners (node_modules/jsdom/lib/jsdom/living/events/EventTarget-impl.js:274:3)
      at HTMLUnknownElementImpl._dispatch (node_modules/jsdom/lib/jsdom/living/events/EventTarget-impl.js:221:9)
      at HTMLUnknownElementImpl.dispatchEvent (node_modules/jsdom/lib/jsdom/living/events/EventTarget-impl.js:94:17)
      at HTMLUnknownElement.dispatchEvent (node_modules/jsdom/lib/jsdom/living/generated/EventTarget.js:231:34)
      at Object.invokeGuardedCallbackDev (node_modules/react-dom/cjs/react-dom.development.js:237:16)
      at invokeGuardedCallback (node_modules/react-dom/cjs/react-dom.development.js:292:31)
      at commitRootImpl (node_modules/react-dom/cjs/react-dom.development.js:22541:9)
      at unstable_runWithPriority (node_modules/scheduler/cjs/scheduler.development.js:653:12)
      at runWithPriority$1 (node_modules/react-dom/cjs/react-dom.development.js:11039:10)
      at commitRoot (node_modules/react-dom/cjs/react-dom.development.js:22381:3)
      at finishSyncRender (node_modules/react-dom/cjs/react-dom.development.js:21807:3)
      at performSyncWorkOnRoot (node_modules/react-dom/cjs/react-dom.development.js:21793:7)
      at scheduleUpdateOnFiber (node_modules/react-dom/cjs/react-dom.development.js:21188:7)
      at updateContainer (node_modules/react-dom/cjs/react-dom.development.js:24373:3)
      at node_modules/react-dom/cjs/react-dom.development.js:24758:7
      at unbatchedUpdates (node_modules/react-dom/cjs/react-dom.development.js:21903:12)
      at legacyRenderSubtreeIntoContainer (node_modules/react-dom/cjs/react-dom.development.js:24757:5)
      at Object.render (node_modules/react-dom/cjs/react-dom.development.js:24840:10)
      at node_modules/@testing-library/react/dist/pure.js:101:25
      at batchedUpdates$1 (node_modules/react-dom/cjs/react-dom.development.js:21856:12)
      at act (node_modules/react-dom/cjs/react-dom-test-utils.development.js:929:14)
      at render (node_modules/@testing-library/react/dist/pure.js:97:26)
      at Object.<anonymous> (src/App.test.js:20:15)
      at TestScheduler.scheduleTests (node_modules/@jest/core/build/TestScheduler.js:333:13)

  console.error
    The above error occurred in the <img> component:
        in img (created by App)
        in div (created by App)
        in header (created by App)
        in div (created by App)
        in App
    
    Consider adding an error boundary to your tree to customize error handling behavior.
    Visit https://fb.me/react-error-boundaries to learn more about error boundaries.

    [0m [90m 18 |[39m describe([32m'App Component'[39m[33m,[39m () [33m=>[39m {
     [90m 19 |[39m     test([32m'renders header with title'[39m[33m,[39m () [33m=>[39m {
    [31m[1m>[22m[39m[90m 20 |[39m         render([33m<[39m[33mApp[39m [33m/[39m[33m>[39m)[33m;[39m
     [90m    |[39m               [31m[1m^[22m[39m
     [90m 21 |[39m         expect(screen[33m.[39mgetByText([32m'Voyagerr Lens'[39m))[33m.[39mtoBeInTheDocument()[33m;[39m
     [90m 22 |[39m         expect(screen[33m.[39mgetByText([32m'Analyze code metrics and test coverage'[39m))[33m.[39mtoBeInTheDocument()[33m;[39m
     [90m 23 |[39m     })[33m;[39m[0m

      at logCapturedError (node_modules/react-dom/cjs/react-dom.development.js:19527:21)
      at logError (node_modules/react-dom/cjs/react-dom.development.js:19564:5)
      at update.callback (node_modules/react-dom/cjs/react-dom.development.js:20708:5)
      at callCallback (node_modules/react-dom/cjs/react-dom.development.js:12490:12)
      at commitUpdateQueue (node_modules/react-dom/cjs/react-dom.development.js:12511:9)
      at commitLifeCycles (node_modules/react-dom/cjs/react-dom.development.js:19883:11)
      at commitLayoutEffects (node_modules/react-dom/cjs/react-dom.development.js:22803:7)
      at HTMLUnknownElement.callCallback (node_modules/react-dom/cjs/react-dom.development.js:188:14)
      at HTMLUnknownElement.callTheUserObjectsOperation (node_modules/jsdom/lib/jsdom/living/generated/EventListener.js:26:30)
      at innerInvokeEventListeners (node_modules/jsdom/lib/jsdom/living/events/EventTarget-impl.js:338:25)
      at invokeEventListeners (node_modules/jsdom/lib/jsdom/living/events/EventTarget-impl.js:274:3)
      at HTMLUnknownElementImpl._dispatch (node_modules/jsdom/lib/jsdom/living/events/EventTarget-impl.js:221:9)
      at HTMLUnknownElementImpl.dispatchEvent (node_modules/jsdom/lib/jsdom/living/events/EventTarget-impl.js:94:17)
      at HTMLUnknownElement.dispatchEvent (node_modules/jsdom/lib/jsdom/living/generated/EventTarget.js:231:34)
      at Object.invokeGuardedCallbackDev (node_modules/react-dom/cjs/react-dom.development.js:237:16)
      at invokeGuardedCallback (node_modules/react-dom/cjs/react-dom.development.js:292:31)
      at commitRootImpl (node_modules/react-dom/cjs/react-dom.development.js:22541:9)
      at unstable_runWithPriority (node_modules/scheduler/cjs/scheduler.development.js:653:12)
      at runWithPriority$1 (node_modules/react-dom/cjs/react-dom.development.js:11039:10)
      at commitRoot (node_modules/react-dom/cjs/react-dom.development.js:22381:3)
      at finishSyncRender (node_modules/react-dom/cjs/react-dom.development.js:21807:3)
      at performSyncWorkOnRoot (node_modules/react-dom/cjs/react-dom.development.js:21793:7)
      at scheduleUpdateOnFiber (node_modules/react-dom/cjs/react-dom.development.js:21188:7)
      at updateContainer (node_modules/react-dom/cjs/react-dom.development.js:24373:3)
      at node_modules/react-dom/cjs/react-dom.development.js:24758:7
      at unbatchedUpdates (node_modules/react-dom/cjs/react-dom.development.js:21903:12)
      at legacyRenderSubtreeIntoContainer (node_modules/react-dom/cjs/react-dom.development.js:24757:5)
      at Object.render (node_modules/react-dom/cjs/react-dom.development.js:24840:10)
      at node_modules/@testing-library/react/dist/pure.js:101:25
      at batchedUpdates$1 (node_modules/react-dom/cjs/react-dom.development.js:21856:12)
      at act (node_modules/react-dom/cjs/react-dom-test-utils.development.js:929:14)
      at render (node_modules/@testing-library/react/dist/pure.js:97:26)
      at Object.<anonymous> (src/App.test.js:20:15)
      at TestScheduler.scheduleTests (node_modules/@jest/core/build/TestScheduler.js:333:13)

  console.error
    The above error occurred in the <img> component:
        in img (created by App)
        in div (created by App)
        in div (created by App)
        in div (created by App)
        in App
    
    Consider adding an error boundary to your tree to customize error handling behavior.
    Visit https://fb.me/react-error-boundaries to learn more about error boundaries.

    [0m [90m 24 |[39m
     [90m 25 |[39m     test([32m'renders empty state initially'[39m[33m,[39m () [33m=>[39m {
    [31m[1m>[22m[39m[90m 26 |[39m         render([33m<[39m[33mApp[39m [33m/[39m[33m>[39m)[33m;[39m
     [90m    |[39m               [31m[1m^[22m[39m
     [90m 27 |[39m         expect(screen[33m.[39mgetByText([32m'No folder selected'[39m))[33m.[39mtoBeInTheDocument()[33m;[39m
     [90m 28 |[39m     })[33m;[39m
     [90m 29 |[39m[0m

      at logCapturedError (node_modules/react-dom/cjs/react-dom.development.js:19527:21)
      at logError (node_modules/react-dom/cjs/react-dom.development.js:19564:5)
      at update.callback (node_modules/react-dom/cjs/react-dom.development.js:20708:5)
      at callCallback (node_modules/react-dom/cjs/react-dom.development.js:12490:12)
      at commitUpdateQueue (node_modules/react-dom/cjs/react-dom.development.js:12511:9)
      at commitLifeCycles (node_modules/react-dom/cjs/react-dom.development.js:19883:11)
      at commitLayoutEffects (node_modules/react-dom/cjs/react-dom.development.js:22803:7)
      at HTMLUnknownElement.callCallback (node_modules/react-dom/cjs/react-dom.development.js:188:14)
      at HTMLUnknownElement.callTheUserObjectsOperation (node_modules/jsdom/lib/jsdom/living/generated/EventListener.js:26:30)
      at innerInvokeEventListeners (node_modules/jsdom/lib/jsdom/living/events/EventTarget-impl.js:338:25)
      at invokeEventListeners (node_modules/jsdom/lib/jsdom/living/events/EventTarget-impl.js:274:3)
      at HTMLUnknownElementImpl._dispatch (node_modules/jsdom/lib/jsdom/living/events/EventTarget-impl.js:221:9)
      at HTMLUnknownElementImpl.dispatchEvent (node_modules/jsdom/lib/jsdom/living/events/EventTarget-impl.js:94:17)
      at HTMLUnknownElement.dispatchEvent (node_modules/jsdom/lib/jsdom/living/generated/EventTarget.js:231:34)
      at Object.invokeGuardedCallbackDev (node_modules/react-dom/cjs/react-dom.development.js:237:16)
      at invokeGuardedCallback (node_modules/react-dom/cjs/react-dom.development.js:292:31)
      at commitRootImpl (node_modules/react-dom/cjs/react-dom.development.js:22541:9)
      at unstable_runWithPriority (node_modules/scheduler/cjs/scheduler.development.js:653:12)
      at runWithPriority$1 (node_modules/react-dom/cjs/react-dom.development.js:11039:10)
      at commitRoot (node_modules/react-dom/cjs/react-dom.development.js:22381:3)
      at finishSyncRender (node_modules/react-dom/cjs/react-dom.development.js:21807:3)
      at performSyncWorkOnRoot (node_modules/react-dom/cjs/react-dom.development.js:21793:7)
      at scheduleUpdateOnFiber (node_modules/react-dom/cjs/react-dom.development.js:21188:7)
      at updateContainer (node_modules/react-dom/cjs/react-dom.development.js:24373:3)
      at node_modules/react-dom/cjs/react-dom.development.js:24758:7
      at unbatchedUpdates (node_modules/react-dom/cjs/react-dom.development.js:21903:12)
      at legacyRenderSubtreeIntoContainer (node_modules/react-dom/cjs/react-dom.development.js:24757:5)
      at Object.render (node_modules/react-dom/cjs/react-dom.development.js:24840:10)
      at node_modules/@testing-library/react/dist/pure.js:101:25
      at batchedUpdates$1 (node_modules/react-dom/cjs/react-dom.development.js:21856:12)
      at act (node_modules/react-dom/cjs/react-dom-test-utils.development.js:929:14)
      at render (node_modules/@testing-library/react/dist/pure.js:97:26)
      at Object.<anonymous> (src/App.test.js:26:15)
      at TestScheduler.scheduleTests (node_modules/@jest/core/build/TestScheduler.js:333:13)

  console.error
    The above error occurred in the <img> component:
        in img (created by App)
        in div (created by App)
        in header (created by App)
        in div (created by App)
        in App
    
    Consider adding an error boundary to your tree to customize error handling behavior.
    Visit https://fb.me/react-error-boundaries to learn more about error boundaries.

    [0m [90m 24 |[39m
     [90m 25 |[39m     test([32m'renders empty state initially'[39m[33m,[39m () [33m=>[39m {
    [31m[1m>[22m[39m[90m 26 |[39m         render([33m<[39m[33mApp[39m [33m/[39m[33m>[39m)[33m;[39m
     [90m    |[39m               [31m[1m^[22m[39m
     [90m 27 |[39m         expect(screen[33m.[39mgetByText([32m'No folder selected'[39m))[33m.[39mtoBeInTheDocument()[33m;[39m
     [90m 28 |[39m     })[33m;[39m
     [90m 29 |[39m[0m

      at logCapturedError (node_modules/react-dom/cjs/react-dom.development.js:19527:21)
      at logError (node_modules/react-dom/cjs/react-dom.development.js:19564:5)
      at update.callback (node_modules/react-dom/cjs/react-dom.development.js:20708:5)
      at callCallback (node_modules/react-dom/cjs/react-dom.development.js:12490:12)
      at commitUpdateQueue (node_modules/react-dom/cjs/react-dom.development.js:12511:9)
      at commitLifeCycles (node_modules/react-dom/cjs/react-dom.development.js:19883:11)
      at commitLayoutEffects (node_modules/react-dom/cjs/react-dom.development.js:22803:7)
      at HTMLUnknownElement.callCallback (node_modules/react-dom/cjs/react-dom.development.js:188:14)
      at HTMLUnknownElement.callTheUserObjectsOperation (node_modules/jsdom/lib/jsdom/living/generated/EventListener.js:26:30)
      at innerInvokeEventListeners (node_modules/jsdom/lib/jsdom/living/events/EventTarget-impl.js:338:25)
      at invokeEventListeners (node_modules/jsdom/lib/jsdom/living/events/EventTarget-impl.js:274:3)
      at HTMLUnknownElementImpl._dispatch (node_modules/jsdom/lib/jsdom/living/events/EventTarget-impl.js:221:9)
      at HTMLUnknownElementImpl.dispatchEvent (node_modules/jsdom/lib/jsdom/living/events/EventTarget-impl.js:94:17)
      at HTMLUnknownElement.dispatchEvent (node_modules/jsdom/lib/jsdom/living/generated/EventTarget.js:231:34)
      at Object.invokeGuardedCallbackDev (node_modules/react-dom/cjs/react-dom.development.js:237:16)
      at invokeGuardedCallback (node_modules/react-dom/cjs/react-dom.development.js:292:31)
      at commitRootImpl (node_modules/react-dom/cjs/react-dom.development.js:22541:9)
      at unstable_runWithPriority (node_modules/scheduler/cjs/scheduler.development.js:653:12)
      at runWithPriority$1 (node_modules/react-dom/cjs/react-dom.development.js:11039:10)
      at commitRoot (node_modules/react-dom/cjs/react-dom.development.js:22381:3)
      at finishSyncRender (node_modules/react-dom/cjs/react-dom.development.js:21807:3)
      at performSyncWorkOnRoot (node_modules/react-dom/cjs/react-dom.development.js:21793:7)
      at scheduleUpdateOnFiber (node_modules/react-dom/cjs/react-dom.development.js:21188:7)
      at updateContainer (node_modules/react-dom/cjs/react-dom.development.js:24373:3)
      at node_modules/react-dom/cjs/react-dom.development.js:24758:7
      at unbatchedUpdates (node_modules/react-dom/cjs/react-dom.development.js:21903:12)
      at legacyRenderSubtreeIntoContainer (node_modules/react-dom/cjs/react-dom.development.js:24757:5)
      at Object.render (node_modules/react-dom/cjs/react-dom.development.js:24840:10)
      at node_modules/@testing-library/react/dist/pure.js:101:25
      at batchedUpdates$1 (node_modules/react-dom/cjs/react-dom.development.js:21856:12)
      at act (node_modules/react-dom/cjs/react-dom-test-utils.development.js:929:14)
      at render (node_modules/@testing-library/react/dist/pure.js:97:26)
      at Object.<anonymous> (src/App.test.js:26:15)
      at TestScheduler.scheduleTests (node_modules/@jest/core/build/TestScheduler.js:333:13)

  console.error
    The above error occurred in the <img> component:
        in img (created by App)
        in div (created by App)
        in div (created by App)
        in div (created by App)
        in App
    
    Consider adding an error boundary to your tree to customize error handling behavior.
    Visit https://fb.me/react-error-boundaries to learn more about error boundaries.

    [0m [90m 29 |[39m
     [90m 30 |[39m     test([32m'renders folder browser with browse button'[39m[33m,[39m () [33m=>[39m {
    [31m[1m>[22m[39m[90m 31 |[39m         render([33m<[39m[33mApp[39m [33m/[39m[33m>[39m)[33m;[39m
     [90m    |[39m               [31m[1m^[22m[39m
     [90m 32 |[39m         expect(screen[33m.[39mgetByRole([32m'button'[39m[33m,[39m { name[33m:[39m [35m/browse/i[39m }))[33m.[39mtoBeInTheDocument()[33m;[39m
     [90m 33 |[39m         expect(screen[33m.[39mgetByRole([32m'button'[39m[33m,[39m { name[33m:[39m [35m/analyze/i[39m }))[33m.[39mtoBeInTheDocument()[33m;[39m
     [90m 34 |[39m     })[33m;[39m[0m

      at logCapturedError (node_modules/react-dom/cjs/react-dom.development.js:19527:21)
      at logError (node_modules/react-dom/cjs/react-dom.development.js:19564:5)
      at update.callback (node_modules/react-dom/cjs/react-dom.development.js:20708:5)
      at callCallback (node_modules/react-dom/cjs/react-dom.development.js:12490:12)
      at commitUpdateQueue (node_modules/react-dom/cjs/react-dom.development.js:12511:9)
      at commitLifeCycles (node_modules/react-dom/cjs/react-dom.development.js:19883:11)
      at commitLayoutEffects (node_modules/react-dom/cjs/react-dom.development.js:22803:7)
      at HTMLUnknownElement.callCallback (node_modules/react-dom/cjs/react-dom.development.js:188:14)
      at HTMLUnknownElement.callTheUserObjectsOperation (node_modules/jsdom/lib/jsdom/living/generated/EventListener.js:26:30)
      at innerInvokeEventListeners (node_modules/jsdom/lib/jsdom/living/events/EventTarget-impl.js:338:25)
      at invokeEventListeners (node_modules/jsdom/lib/jsdom/living/events/EventTarget-impl.js:274:3)
      at HTMLUnknownElementImpl._dispatch (node_modules/jsdom/lib/jsdom/living/events/EventTarget-impl.js:221:9)
      at HTMLUnknownElementImpl.dispatchEvent (node_modules/jsdom/lib/jsdom/living/events/EventTarget-impl.js:94:17)
      at HTMLUnknownElement.dispatchEvent (node_modules/jsdom/lib/jsdom/living/generated/EventTarget.js:231:34)
      at Object.invokeGuardedCallbackDev (node_modules/react-dom/cjs/react-dom.development.js:237:16)
      at invokeGuardedCallback (node_modules/react-dom/cjs/react-dom.development.js:292:31)
      at commitRootImpl (node_modules/react-dom/cjs/react-dom.development.js:22541:9)
      at unstable_runWithPriority (node_modules/scheduler/cjs/scheduler.development.js:653:12)
      at runWithPriority$1 (node_modules/react-dom/cjs/react-dom.development.js:11039:10)
      at commitRoot (node_modules/react-dom/cjs/react-dom.development.js:22381:3)
      at finishSyncRender (node_modules/react-dom/cjs/react-dom.development.js:21807:3)
      at performSyncWorkOnRoot (node_modules/react-dom/cjs/react-dom.development.js:21793:7)
      at scheduleUpdateOnFiber (node_modules/react-dom/cjs/react-dom.development.js:21188:7)
      at updateContainer (node_modules/react-dom/cjs/react-dom.development.js:24373:3)
      at node_modules/react-dom/cjs/react-dom.development.js:24758:7
      at unbatchedUpdates (node_modules/react-dom/cjs/react-dom.development.js:21903:12)
      at legacyRenderSubtreeIntoContainer (node_modules/react-dom/cjs/react-dom.development.js:24757:5)
      at Object.render (node_modules/react-dom/cjs/react-dom.development.js:24840:10)
      at node_modules/@testing-library/react/dist/pure.js:101:25
      at batchedUpdates$1 (node_modules/react-dom/cjs/react-dom.development.js:21856:12)
      at act (node_modules/react-dom/cjs/react-dom-test-utils.development.js:929:14)
      at render (node_modules/@testing-library/react/dist/pure.js:97:26)
      at Object.<anonymous> (src/App.test.js:31:15)
      at TestScheduler.scheduleTests (node_modules/@jest/core/build/TestScheduler.js:333:13)

  console.error
    The above error occurred in the <img> component:
        in img (created by App)
        in div (created by App)
        in header (created by App)
        in div (created by App)
        in App
    
    Consider adding an error boundary to your tree to customize error handling behavior.
    Visit https://fb.me/react-error-boundaries to learn more about error boundaries.

    [0m [90m 29 |[39m
     [90m 30 |[39m     test([32m'renders folder browser with browse button'[39m[33m,[39m () [33m=>[39m {
    [31m[1m>[22m[39m[90m 31 |[39m         render([33m<[39m[33mApp[39m [33m/[39m[33m>[39m)[33m;[39m
     [90m    |[39m               [31m[1m^[22m[39m
     [90m 32 |[39m         expect(screen[33m.[39mgetByRole([32m'button'[39m[33m,[39m { name[33m:[39m [35m/browse/i[39m }))[33m.[39mtoBeInTheDocument()[33m;[39m
     [90m 33 |[39m         expect(screen[33m.[39mgetByRole([32m'button'[39m[33m,[39m { name[33m:[39m [35m/analyze/i[39m }))[33m.[39mtoBeInTheDocument()[33m;[39m
     [90m 34 |[39m     })[33m;[39m[0m

      at logCapturedError (node_modules/react-dom/cjs/react-dom.development.js:19527:21)
      at logError (node_modules/react-dom/cjs/react-dom.development.js:19564:5)
      at update.callback (node_modules/react-dom/cjs/react-dom.development.js:20708:5)
      at callCallback (node_modules/react-dom/cjs/react-dom.development.js:12490:12)
      at commitUpdateQueue (node_modules/react-dom/cjs/react-dom.development.js:12511:9)
      at commitLifeCycles (node_modules/react-dom/cjs/react-dom.development.js:19883:11)
      at commitLayoutEffects (node_modules/react-dom/cjs/react-dom.development.js:22803:7)
      at HTMLUnknownElement.callCallback (node_modules/react-dom/cjs/react-dom.development.js:188:14)
      at HTMLUnknownElement.callTheUserObjectsOperation (node_modules/jsdom/lib/jsdom/living/generated/EventListener.js:26:30)
      at innerInvokeEventListeners (node_modules/jsdom/lib/jsdom/living/events/EventTarget-impl.js:338:25)
      at invokeEventListeners (node_modules/jsdom/lib/jsdom/living/events/EventTarget-impl.js:274:3)
      at HTMLUnknownElementImpl._dispatch (node_modules/jsdom/lib/jsdom/living/events/EventTarget-impl.js:221:9)
      at HTMLUnknownElementImpl.dispatchEvent (node_modules/jsdom/lib/jsdom/living/events/EventTarget-impl.js:94:17)
      at HTMLUnknownElement.dispatchEvent (node_modules/jsdom/lib/jsdom/living/generated/EventTarget.js:231:34)
      at Object.invokeGuardedCallbackDev (node_modules/react-dom/cjs/react-dom.development.js:237:16)
      at invokeGuardedCallback (node_modules/react-dom/cjs/react-dom.development.js:292:31)
      at commitRootImpl (node_modules/react-dom/cjs/react-dom.development.js:22541:9)
      at unstable_runWithPriority (node_modules/scheduler/cjs/scheduler.development.js:653:12)
      at runWithPriority$1 (node_modules/react-dom/cjs/react-dom.development.js:11039:10)
      at commitRoot (node_modules/react-dom/cjs/react-dom.development.js:22381:3)
      at finishSyncRender (node_modules/react-dom/cjs/react-dom.development.js:21807:3)
      at performSyncWorkOnRoot (node_modules/react-dom/cjs/react-dom.development.js:21793:7)
      at scheduleUpdateOnFiber (node_modules/react-dom/cjs/react-dom.development.js:21188:7)
      at updateContainer (node_modules/react-dom/cjs/react-dom.development.js:24373:3)
      at node_modules/react-dom/cjs/react-dom.development.js:24758:7
      at unbatchedUpdates (node_modules/react-dom/cjs/react-dom.development.js:21903:12)
      at legacyRenderSubtreeIntoContainer (node_modules/react-dom/cjs/react-dom.development.js:24757:5)
      at Object.render (node_modules/react-dom/cjs/react-dom.development.js:24840:10)
      at node_modules/@testing-library/react/dist/pure.js:101:25
      at batchedUpdates$1 (node_modules/react-dom/cjs/react-dom.development.js:21856:12)
      at act (node_modules/react-dom/cjs/react-dom-test-utils.development.js:929:14)
      at render (node_modules/@testing-library/react/dist/pure.js:97:26)
      at Object.<anonymous> (src/App.test.js:31:15)
      at TestScheduler.scheduleTests (node_modules/@jest/core/build/TestScheduler.js:333:13)

  console.error
    The above error occurred in the <img> component:
        in img (created by App)
        in div (created by App)
        in div (created by App)
        in div (created by App)
        in App
    
    Consider adding an error boundary to your tree to customize error handling behavior.
    Visit https://fb.me/react-error-boundaries to learn more about error boundaries.

    [0m [90m 37 |[39m         mockElectronAPI[33m.[39mselectFolder[33m.[39mmockResolvedValue([32m'/test/path'[39m)[33m;[39m
     [90m 38 |[39m
    [31m[1m>[22m[39m[90m 39 |[39m         render([33m<[39m[33mApp[39m [33m/[39m[33m>[39m)[33m;[39m
     [90m    |[39m               [31m[1m^[22m[39m
     [90m 40 |[39m
     [90m 41 |[39m         [36mconst[39m browseButton [33m=[39m screen[33m.[39mgetByRole([32m'button'[39m[33m,[39m { name[33m:[39m [35m/browse/i[39m })[33m;[39m
     [90m 42 |[39m         fireEvent[33m.[39mclick(browseButton)[33m;[39m[0m

      at logCapturedError (node_modules/react-dom/cjs/react-dom.development.js:19527:21)
      at logError (node_modules/react-dom/cjs/react-dom.development.js:19564:5)
      at update.callback (node_modules/react-dom/cjs/react-dom.development.js:20708:5)
      at callCallback (node_modules/react-dom/cjs/react-dom.development.js:12490:12)
      at commitUpdateQueue (node_modules/react-dom/cjs/react-dom.development.js:12511:9)
      at commitLifeCycles (node_modules/react-dom/cjs/react-dom.development.js:19883:11)
      at commitLayoutEffects (node_modules/react-dom/cjs/react-dom.development.js:22803:7)
      at HTMLUnknownElement.callCallback (node_modules/react-dom/cjs/react-dom.development.js:188:14)
      at HTMLUnknownElement.callTheUserObjectsOperation (node_modules/jsdom/lib/jsdom/living/generated/EventListener.js:26:30)
      at innerInvokeEventListeners (node_modules/jsdom/lib/jsdom/living/events/EventTarget-impl.js:338:25)
      at invokeEventListeners (node_modules/jsdom/lib/jsdom/living/events/EventTarget-impl.js:274:3)
      at HTMLUnknownElementImpl._dispatch (node_modules/jsdom/lib/jsdom/living/events/EventTarget-impl.js:221:9)
      at HTMLUnknownElementImpl.dispatchEvent (node_modules/jsdom/lib/jsdom/living/events/EventTarget-impl.js:94:17)
      at HTMLUnknownElement.dispatchEvent (node_modules/jsdom/lib/jsdom/living/generated/EventTarget.js:231:34)
      at Object.invokeGuardedCallbackDev (node_modules/react-dom/cjs/react-dom.development.js:237:16)
      at invokeGuardedCallback (node_modules/react-dom/cjs/react-dom.development.js:292:31)
      at commitRootImpl (node_modules/react-dom/cjs/react-dom.development.js:22541:9)
      at unstable_runWithPriority (node_modules/scheduler/cjs/scheduler.development.js:653:12)
      at runWithPriority$1 (node_modules/react-dom/cjs/react-dom.development.js:11039:10)
      at commitRoot (node_modules/react-dom/cjs/react-dom.development.js:22381:3)
      at finishSyncRender (node_modules/react-dom/cjs/react-dom.development.js:21807:3)
      at performSyncWorkOnRoot (node_modules/react-dom/cjs/react-dom.development.js:21793:7)
      at scheduleUpdateOnFiber (node_modules/react-dom/cjs/react-dom.development.js:21188:7)
      at updateContainer (node_modules/react-dom/cjs/react-dom.development.js:24373:3)
      at node_modules/react-dom/cjs/react-dom.development.js:24758:7
      at unbatchedUpdates (node_modules/react-dom/cjs/react-dom.development.js:21903:12)
      at legacyRenderSubtreeIntoContainer (node_modules/react-dom/cjs/react-dom.development.js:24757:5)
      at Object.render (node_modules/react-dom/cjs/react-dom.development.js:24840:10)
      at node_modules/@testing-library/react/dist/pure.js:101:25
      at batchedUpdates$1 (node_modules/react-dom/cjs/react-dom.development.js:21856:12)
      at act (node_modules/react-dom/cjs/react-dom-test-utils.development.js:929:14)
      at render (node_modules/@testing-library/react/dist/pure.js:97:26)
      at Object.<anonymous> (src/App.test.js:39:15)
      at TestScheduler.scheduleTests (node_modules/@jest/core/build/TestScheduler.js:333:13)

  console.error
    The above error occurred in the <img> component:
        in img (created by App)
        in div (created by App)
        in header (created by App)
        in div (created by App)
        in App
    
    Consider adding an error boundary to your tree to customize error handling behavior.
    Visit https://fb.me/react-error-boundaries to learn more about error boundaries.

    [0m [90m 37 |[39m         mockElectronAPI[33m.[39mselectFolder[33m.[39mmockResolvedValue([32m'/test/path'[39m)[33m;[39m
     [90m 38 |[39m
    [31m[1m>[22m[39m[90m 39 |[39m         render([33m<[39m[33mApp[39m [33m/[39m[33m>[39m)[33m;[39m
     [90m    |[39m               [31m[1m^[22m[39m
     [90m 40 |[39m
     [90m 41 |[39m         [36mconst[39m browseButton [33m=[39m screen[33m.[39mgetByRole([32m'button'[39m[33m,[39m { name[33m:[39m [35m/browse/i[39m })[33m;[39m
     [90m 42 |[39m         fireEvent[33m.[39mclick(browseButton)[33m;[39m[0m

      at logCapturedError (node_modules/react-dom/cjs/react-dom.development.js:19527:21)
      at logError (node_modules/react-dom/cjs/react-dom.development.js:19564:5)
      at update.callback (node_modules/react-dom/cjs/react-dom.development.js:20708:5)
      at callCallback (node_modules/react-dom/cjs/react-dom.development.js:12490:12)
      at commitUpdateQueue (node_modules/react-dom/cjs/react-dom.development.js:12511:9)
      at commitLifeCycles (node_modules/react-dom/cjs/react-dom.development.js:19883:11)
      at commitLayoutEffects (node_modules/react-dom/cjs/react-dom.development.js:22803:7)
      at HTMLUnknownElement.callCallback (node_modules/react-dom/cjs/react-dom.development.js:188:14)
      at HTMLUnknownElement.callTheUserObjectsOperation (node_modules/jsdom/lib/jsdom/living/generated/EventListener.js:26:30)
      at innerInvokeEventListeners (node_modules/jsdom/lib/jsdom/living/events/EventTarget-impl.js:338:25)
      at invokeEventListeners (node_modules/jsdom/lib/jsdom/living/events/EventTarget-impl.js:274:3)
      at HTMLUnknownElementImpl._dispatch (node_modules/jsdom/lib/jsdom/living/events/EventTarget-impl.js:221:9)
      at HTMLUnknownElementImpl.dispatchEvent (node_modules/jsdom/lib/jsdom/living/events/EventTarget-impl.js:94:17)
      at HTMLUnknownElement.dispatchEvent (node_modules/jsdom/lib/jsdom/living/generated/EventTarget.js:231:34)
      at Object.invokeGuardedCallbackDev (node_modules/react-dom/cjs/react-dom.development.js:237:16)
      at invokeGuardedCallback (node_modules/react-dom/cjs/react-dom.development.js:292:31)
      at commitRootImpl (node_modules/react-dom/cjs/react-dom.development.js:22541:9)
      at unstable_runWithPriority (node_modules/scheduler/cjs/scheduler.development.js:653:12)
      at runWithPriority$1 (node_modules/react-dom/cjs/react-dom.development.js:11039:10)
      at commitRoot (node_modules/react-dom/cjs/react-dom.development.js:22381:3)
      at finishSyncRender (node_modules/react-dom/cjs/react-dom.development.js:21807:3)
      at performSyncWorkOnRoot (node_modules/react-dom/cjs/react-dom.development.js:21793:7)
      at scheduleUpdateOnFiber (node_modules/react-dom/cjs/react-dom.development.js:21188:7)
      at updateContainer (node_modules/react-dom/cjs/react-dom.development.js:24373:3)
      at node_modules/react-dom/cjs/react-dom.development.js:24758:7
      at unbatchedUpdates (node_modules/react-dom/cjs/react-dom.development.js:21903:12)
      at legacyRenderSubtreeIntoContainer (node_modules/react-dom/cjs/react-dom.development.js:24757:5)
      at Object.render (node_modules/react-dom/cjs/react-dom.development.js:24840:10)
      at node_modules/@testing-library/react/dist/pure.js:101:25
      at batchedUpdates$1 (node_modules/react-dom/cjs/react-dom.development.js:21856:12)
      at act (node_modules/react-dom/cjs/react-dom-test-utils.development.js:929:14)
      at render (node_modules/@testing-library/react/dist/pure.js:97:26)
      at Object.<anonymous> (src/App.test.js:39:15)
      at TestScheduler.scheduleTests (node_modules/@jest/core/build/TestScheduler.js:333:13)

  console.error
    The above error occurred in the <img> component:
        in img (created by App)
        in div (created by App)
        in div (created by App)
        in div (created by App)
        in App
    
    Consider adding an error boundary to your tree to customize error handling behavior.
    Visit https://fb.me/react-error-boundaries to learn more about error boundaries.

    [0m [90m 48 |[39m
     [90m 49 |[39m     test([32m'analyze button is disabled when no folder selected'[39m[33m,[39m () [33m=>[39m {
    [31m[1m>[22m[39m[90m 50 |[39m         render([33m<[39m[33mApp[39m [33m/[39m[33m>[39m)[33m;[39m
     [90m    |[39m               [31m[1m^[22m[39m
     [90m 51 |[39m
     [90m 52 |[39m         [36mconst[39m analyzeButton [33m=[39m screen[33m.[39mgetByRole([32m'button'[39m[33m,[39m { name[33m:[39m [35m/analyze/i[39m })[33m;[39m
     [90m 53 |[39m         expect(analyzeButton)[33m.[39mtoBeDisabled()[33m;[39m[0m

      at logCapturedError (node_modules/react-dom/cjs/react-dom.development.js:19527:21)
      at logError (node_modules/react-dom/cjs/react-dom.development.js:19564:5)
      at update.callback (node_modules/react-dom/cjs/react-dom.development.js:20708:5)
      at callCallback (node_modules/react-dom/cjs/react-dom.development.js:12490:12)
      at commitUpdateQueue (node_modules/react-dom/cjs/react-dom.development.js:12511:9)
      at commitLifeCycles (node_modules/react-dom/cjs/react-dom.development.js:19883:11)
      at commitLayoutEffects (node_modules/react-dom/cjs/react-dom.development.js:22803:7)
      at HTMLUnknownElement.callCallback (node_modules/react-dom/cjs/react-dom.development.js:188:14)
      at HTMLUnknownElement.callTheUserObjectsOperation (node_modules/jsdom/lib/jsdom/living/generated/EventListener.js:26:30)
      at innerInvokeEventListeners (node_modules/jsdom/lib/jsdom/living/events/EventTarget-impl.js:338:25)
      at invokeEventListeners (node_modules/jsdom/lib/jsdom/living/events/EventTarget-impl.js:274:3)
      at HTMLUnknownElementImpl._dispatch (node_modules/jsdom/lib/jsdom/living/events/EventTarget-impl.js:221:9)
      at HTMLUnknownElementImpl.dispatchEvent (node_modules/jsdom/lib/jsdom/living/events/EventTarget-impl.js:94:17)
      at HTMLUnknownElement.dispatchEvent (node_modules/jsdom/lib/jsdom/living/generated/EventTarget.js:231:34)
      at Object.invokeGuardedCallbackDev (node_modules/react-dom/cjs/react-dom.development.js:237:16)
      at invokeGuardedCallback (node_modules/react-dom/cjs/react-dom.development.js:292:31)
      at commitRootImpl (node_modules/react-dom/cjs/react-dom.development.js:22541:9)
      at unstable_runWithPriority (node_modules/scheduler/cjs/scheduler.development.js:653:12)
      at runWithPriority$1 (node_modules/react-dom/cjs/react-dom.development.js:11039:10)
      at commitRoot (node_modules/react-dom/cjs/react-dom.development.js:22381:3)
      at finishSyncRender (node_modules/react-dom/cjs/react-dom.development.js:21807:3)
      at performSyncWorkOnRoot (node_modules/react-dom/cjs/react-dom.development.js:21793:7)
      at scheduleUpdateOnFiber (node_modules/react-dom/cjs/react-dom.development.js:21188:7)
      at updateContainer (node_modules/react-dom/cjs/react-dom.development.js:24373:3)
      at node_modules/react-dom/cjs/react-dom.development.js:24758:7
      at unbatchedUpdates (node_modules/react-dom/cjs/react-dom.development.js:21903:12)
      at legacyRenderSubtreeIntoContainer (node_modules/react-dom/cjs/react-dom.development.js:24757:5)
      at Object.render (node_modules/react-dom/cjs/react-dom.development.js:24840:10)
      at node_modules/@testing-library/react/dist/pure.js:101:25
      at batchedUpdates$1 (node_modules/react-dom/cjs/react-dom.development.js:21856:12)
      at act (node_modules/react-dom/cjs/react-dom-test-utils.development.js:929:14)
      at render (node_modules/@testing-library/react/dist/pure.js:97:26)
      at Object.<anonymous> (src/App.test.js:50:15)
      at TestScheduler.scheduleTests (node_modules/@jest/core/build/TestScheduler.js:333:13)

  console.error
    The above error occurred in the <img> component:
        in img (created by App)
        in div (created by App)
        in header (created by App)
        in div (created by App)
        in App
    
    Consider adding an error boundary to your tree to customize error handling behavior.
    Visit https://fb.me/react-error-boundaries to learn more about error boundaries.

    [0m [90m 48 |[39m
     [90m 49 |[39m     test([32m'analyze button is disabled when no folder selected'[39m[33m,[39m () [33m=>[39m {
    [31m[1m>[22m[39m[90m 50 |[39m         render([33m<[39m[33mApp[39m [33m/[39m[33m>[39m)[33m;[39m
     [90m    |[39m               [31m[1m^[22m[39m
     [90m 51 |[39m
     [90m 52 |[39m         [36mconst[39m analyzeButton [33m=[39m screen[33m.[39mgetByRole([32m'button'[39m[33m,[39m { name[33m:[39m [35m/analyze/i[39m })[33m;[39m
     [90m 53 |[39m         expect(analyzeButton)[33m.[39mtoBeDisabled()[33m;[39m[0m

      at logCapturedError (node_modules/react-dom/cjs/react-dom.development.js:19527:21)
      at logError (node_modules/react-dom/cjs/react-dom.development.js:19564:5)
      at update.callback (node_modules/react-dom/cjs/react-dom.development.js:20708:5)
      at callCallback (node_modules/react-dom/cjs/react-dom.development.js:12490:12)
      at commitUpdateQueue (node_modules/react-dom/cjs/react-dom.development.js:12511:9)
      at commitLifeCycles (node_modules/react-dom/cjs/react-dom.development.js:19883:11)
      at commitLayoutEffects (node_modules/react-dom/cjs/react-dom.development.js:22803:7)
      at HTMLUnknownElement.callCallback (node_modules/react-dom/cjs/react-dom.development.js:188:14)
      at HTMLUnknownElement.callTheUserObjectsOperation (node_modules/jsdom/lib/jsdom/living/generated/EventListener.js:26:30)
      at innerInvokeEventListeners (node_modules/jsdom/lib/jsdom/living/events/EventTarget-impl.js:338:25)
      at invokeEventListeners (node_modules/jsdom/lib/jsdom/living/events/EventTarget-impl.js:274:3)
      at HTMLUnknownElementImpl._dispatch (node_modules/jsdom/lib/jsdom/living/events/EventTarget-impl.js:221:9)
      at HTMLUnknownElementImpl.dispatchEvent (node_modules/jsdom/lib/jsdom/living/events/EventTarget-impl.js:94:17)
      at HTMLUnknownElement.dispatchEvent (node_modules/jsdom/lib/jsdom/living/generated/EventTarget.js:231:34)
      at Object.invokeGuardedCallbackDev (node_modules/react-dom/cjs/react-dom.development.js:237:16)
      at invokeGuardedCallback (node_modules/react-dom/cjs/react-dom.development.js:292:31)
      at commitRootImpl (node_modules/react-dom/cjs/react-dom.development.js:22541:9)
      at unstable_runWithPriority (node_modules/scheduler/cjs/scheduler.development.js:653:12)
      at runWithPriority$1 (node_modules/react-dom/cjs/react-dom.development.js:11039:10)
      at commitRoot (node_modules/react-dom/cjs/react-dom.development.js:22381:3)
      at finishSyncRender (node_modules/react-dom/cjs/react-dom.development.js:21807:3)
      at performSyncWorkOnRoot (node_modules/react-dom/cjs/react-dom.development.js:21793:7)
      at scheduleUpdateOnFiber (node_modules/react-dom/cjs/react-dom.development.js:21188:7)
      at updateContainer (node_modules/react-dom/cjs/react-dom.development.js:24373:3)
      at node_modules/react-dom/cjs/react-dom.development.js:24758:7
      at unbatchedUpdates (node_modules/react-dom/cjs/react-dom.development.js:21903:12)
      at legacyRenderSubtreeIntoContainer (node_modules/react-dom/cjs/react-dom.development.js:24757:5)
      at Object.render (node_modules/react-dom/cjs/react-dom.development.js:24840:10)
      at node_modules/@testing-library/react/dist/pure.js:101:25
      at batchedUpdates$1 (node_modules/react-dom/cjs/react-dom.development.js:21856:12)
      at act (node_modules/react-dom/cjs/react-dom-test-utils.development.js:929:14)
      at render (node_modules/@testing-library/react/dist/pure.js:97:26)
      at Object.<anonymous> (src/App.test.js:50:15)
      at TestScheduler.scheduleTests (node_modules/@jest/core/build/TestScheduler.js:333:13)

  console.error
    The above error occurred in the <img> component:
        in img (created by App)
        in div (created by App)
        in div (created by App)
        in div (created by App)
        in App
    
    Consider adding an error boundary to your tree to customize error handling behavior.
    Visit https://fb.me/react-error-boundaries to learn more about error boundaries.

    [0m [90m 61 |[39m         })[33m;[39m
     [90m 62 |[39m
    [31m[1m>[22m[39m[90m 63 |[39m         render([33m<[39m[33mApp[39m [33m/[39m[33m>[39m)[33m;[39m
     [90m    |[39m               [31m[1m^[22m[39m
     [90m 64 |[39m
     [90m 65 |[39m         [90m// Select folder first[39m
     [90m 66 |[39m         [36mconst[39m browseButton [33m=[39m screen[33m.[39mgetByRole([32m'button'[39m[33m,[39m { name[33m:[39m [35m/browse/i[39m })[33m;[39m[0m

      at logCapturedError (node_modules/react-dom/cjs/react-dom.development.js:19527:21)
      at logError (node_modules/react-dom/cjs/react-dom.development.js:19564:5)
      at update.callback (node_modules/react-dom/cjs/react-dom.development.js:20708:5)
      at callCallback (node_modules/react-dom/cjs/react-dom.development.js:12490:12)
      at commitUpdateQueue (node_modules/react-dom/cjs/react-dom.development.js:12511:9)
      at commitLifeCycles (node_modules/react-dom/cjs/react-dom.development.js:19883:11)
      at commitLayoutEffects (node_modules/react-dom/cjs/react-dom.development.js:22803:7)
      at HTMLUnknownElement.callCallback (node_modules/react-dom/cjs/react-dom.development.js:188:14)
      at HTMLUnknownElement.callTheUserObjectsOperation (node_modules/jsdom/lib/jsdom/living/generated/EventListener.js:26:30)
      at innerInvokeEventListeners (node_modules/jsdom/lib/jsdom/living/events/EventTarget-impl.js:338:25)
      at invokeEventListeners (node_modules/jsdom/lib/jsdom/living/events/EventTarget-impl.js:274:3)
      at HTMLUnknownElementImpl._dispatch (node_modules/jsdom/lib/jsdom/living/events/EventTarget-impl.js:221:9)
      at HTMLUnknownElementImpl.dispatchEvent (node_modules/jsdom/lib/jsdom/living/events/EventTarget-impl.js:94:17)
      at HTMLUnknownElement.dispatchEvent (node_modules/jsdom/lib/jsdom/living/generated/EventTarget.js:231:34)
      at Object.invokeGuardedCallbackDev (node_modules/react-dom/cjs/react-dom.development.js:237:16)
      at invokeGuardedCallback (node_modules/react-dom/cjs/react-dom.development.js:292:31)
      at commitRootImpl (node_modules/react-dom/cjs/react-dom.development.js:22541:9)
      at unstable_runWithPriority (node_modules/scheduler/cjs/scheduler.development.js:653:12)
      at runWithPriority$1 (node_modules/react-dom/cjs/react-dom.development.js:11039:10)
      at commitRoot (node_modules/react-dom/cjs/react-dom.development.js:22381:3)
      at finishSyncRender (node_modules/react-dom/cjs/react-dom.development.js:21807:3)
      at performSyncWorkOnRoot (node_modules/react-dom/cjs/react-dom.development.js:21793:7)
      at scheduleUpdateOnFiber (node_modules/react-dom/cjs/react-dom.development.js:21188:7)
      at updateContainer (node_modules/react-dom/cjs/react-dom.development.js:24373:3)
      at node_modules/react-dom/cjs/react-dom.development.js:24758:7
      at unbatchedUpdates (node_modules/react-dom/cjs/react-dom.development.js:21903:12)
      at legacyRenderSubtreeIntoContainer (node_modules/react-dom/cjs/react-dom.development.js:24757:5)
      at Object.render (node_modules/react-dom/cjs/react-dom.development.js:24840:10)
      at node_modules/@testing-library/react/dist/pure.js:101:25
      at batchedUpdates$1 (node_modules/react-dom/cjs/react-dom.development.js:21856:12)
      at act (node_modules/react-dom/cjs/react-dom-test-utils.development.js:929:14)
      at render (node_modules/@testing-library/react/dist/pure.js:97:26)
      at Object.<anonymous> (src/App.test.js:63:15)
      at TestScheduler.scheduleTests (node_modules/@jest/core/build/TestScheduler.js:333:13)

  console.error
    The above error occurred in the <img> component:
        in img (created by App)
        in div (created by App)
        in header (created by App)
        in div (created by App)
        in App
    
    Consider adding an error boundary to your tree to customize error handling behavior.
    Visit https://fb.me/react-error-boundaries to learn more about error boundaries.

    [0m [90m 61 |[39m         })[33m;[39m
     [90m 62 |[39m
    [31m[1m>[22m[39m[90m 63 |[39m         render([33m<[39m[33mApp[39m [33m/[39m[33m>[39m)[33m;[39m
     [90m    |[39m               [31m[1m^[22m[39m
     [90m 64 |[39m
     [90m 65 |[39m         [90m// Select folder first[39m
     [90m 66 |[39m         [36mconst[39m browseButton [33m=[39m screen[33m.[39mgetByRole([32m'button'[39m[33m,[39m { name[33m:[39m [35m/browse/i[39m })[33m;[39m[0m

      at logCapturedError (node_modules/react-dom/cjs/react-dom.development.js:19527:21)
      at logError (node_modules/react-dom/cjs/react-dom.development.js:19564:5)
      at update.callback (node_modules/react-dom/cjs/react-dom.development.js:20708:5)
      at callCallback (node_modules/react-dom/cjs/react-dom.development.js:12490:12)
      at commitUpdateQueue (node_modules/react-dom/cjs/react-dom.development.js:12511:9)
      at commitLifeCycles (node_modules/react-dom/cjs/react-dom.development.js:19883:11)
      at commitLayoutEffects (node_modules/react-dom/cjs/react-dom.development.js:22803:7)
      at HTMLUnknownElement.callCallback (node_modules/react-dom/cjs/react-dom.development.js:188:14)
      at HTMLUnknownElement.callTheUserObjectsOperation (node_modules/jsdom/lib/jsdom/living/generated/EventListener.js:26:30)
      at innerInvokeEventListeners (node_modules/jsdom/lib/jsdom/living/events/EventTarget-impl.js:338:25)
      at invokeEventListeners (node_modules/jsdom/lib/jsdom/living/events/EventTarget-impl.js:274:3)
      at HTMLUnknownElementImpl._dispatch (node_modules/jsdom/lib/jsdom/living/events/EventTarget-impl.js:221:9)
      at HTMLUnknownElementImpl.dispatchEvent (node_modules/jsdom/lib/jsdom/living/events/EventTarget-impl.js:94:17)
      at HTMLUnknownElement.dispatchEvent (node_modules/jsdom/lib/jsdom/living/generated/EventTarget.js:231:34)
      at Object.invokeGuardedCallbackDev (node_modules/react-dom/cjs/react-dom.development.js:237:16)
      at invokeGuardedCallback (node_modules/react-dom/cjs/react-dom.development.js:292:31)
      at commitRootImpl (node_modules/react-dom/cjs/react-dom.development.js:22541:9)
      at unstable_runWithPriority (node_modules/scheduler/cjs/scheduler.development.js:653:12)
      at runWithPriority$1 (node_modules/react-dom/cjs/react-dom.development.js:11039:10)
      at commitRoot (node_modules/react-dom/cjs/react-dom.development.js:22381:3)
      at finishSyncRender (node_modules/react-dom/cjs/react-dom.development.js:21807:3)
      at performSyncWorkOnRoot (node_modules/react-dom/cjs/react-dom.development.js:21793:7)
      at scheduleUpdateOnFiber (node_modules/react-dom/cjs/react-dom.development.js:21188:7)
      at updateContainer (node_modules/react-dom/cjs/react-dom.development.js:24373:3)
      at node_modules/react-dom/cjs/react-dom.development.js:24758:7
      at unbatchedUpdates (node_modules/react-dom/cjs/react-dom.development.js:21903:12)
      at legacyRenderSubtreeIntoContainer (node_modules/react-dom/cjs/react-dom.development.js:24757:5)
      at Object.render (node_modules/react-dom/cjs/react-dom.development.js:24840:10)
      at node_modules/@testing-library/react/dist/pure.js:101:25
      at batchedUpdates$1 (node_modules/react-dom/cjs/react-dom.development.js:21856:12)
      at act (node_modules/react-dom/cjs/react-dom-test-utils.development.js:929:14)
      at render (node_modules/@testing-library/react/dist/pure.js:97:26)
      at Object.<anonymous> (src/App.test.js:63:15)
      at TestScheduler.scheduleTests (node_modules/@jest/core/build/TestScheduler.js:333:13)

  console.error
    The above error occurred in the <img> component:
        in img (created by App)
        in div (created by App)
        in div (created by App)
        in div (created by App)
        in App
    
    Consider adding an error boundary to your tree to customize error handling behavior.
    Visit https://fb.me/react-error-boundaries to learn more about error boundaries.

    [0m [90m 115 |[39m         })[33m;[39m
     [90m 116 |[39m
    [31m[1m>[22m[39m[90m 117 |[39m         render([33m<[39m[33mApp[39m [33m/[39m[33m>[39m)[33m;[39m
     [90m     |[39m               [31m[1m^[22m[39m
     [90m 118 |[39m
     [90m 119 |[39m         [90m// Select folder and analyze[39m
     [90m 120 |[39m         fireEvent[33m.[39mclick(screen[33m.[39mgetByRole([32m'button'[39m[33m,[39m { name[33m:[39m [35m/browse/i[39m }))[33m;[39m[0m

      at logCapturedError (node_modules/react-dom/cjs/react-dom.development.js:19527:21)
      at logError (node_modules/react-dom/cjs/react-dom.development.js:19564:5)
      at update.callback (node_modules/react-dom/cjs/react-dom.development.js:20708:5)
      at callCallback (node_modules/react-dom/cjs/react-dom.development.js:12490:12)
      at commitUpdateQueue (node_modules/react-dom/cjs/react-dom.development.js:12511:9)
      at commitLifeCycles (node_modules/react-dom/cjs/react-dom.development.js:19883:11)
      at commitLayoutEffects (node_modules/react-dom/cjs/react-dom.development.js:22803:7)
      at HTMLUnknownElement.callCallback (node_modules/react-dom/cjs/react-dom.development.js:188:14)
      at HTMLUnknownElement.callTheUserObjectsOperation (node_modules/jsdom/lib/jsdom/living/generated/EventListener.js:26:30)
      at innerInvokeEventListeners (node_modules/jsdom/lib/jsdom/living/events/EventTarget-impl.js:338:25)
      at invokeEventListeners (node_modules/jsdom/lib/jsdom/living/events/EventTarget-impl.js:274:3)
      at HTMLUnknownElementImpl._dispatch (node_modules/jsdom/lib/jsdom/living/events/EventTarget-impl.js:221:9)
      at HTMLUnknownElementImpl.dispatchEvent (node_modules/jsdom/lib/jsdom/living/events/EventTarget-impl.js:94:17)
      at HTMLUnknownElement.dispatchEvent (node_modules/jsdom/lib/jsdom/living/generated/EventTarget.js:231:34)
      at Object.invokeGuardedCallbackDev (node_modules/react-dom/cjs/react-dom.development.js:237:16)
      at invokeGuardedCallback (node_modules/react-dom/cjs/react-dom.development.js:292:31)
      at commitRootImpl (node_modules/react-dom/cjs/react-dom.development.js:22541:9)
      at unstable_runWithPriority (node_modules/scheduler/cjs/scheduler.development.js:653:12)
      at runWithPriority$1 (node_modules/react-dom/cjs/react-dom.development.js:11039:10)
      at commitRoot (node_modules/react-dom/cjs/react-dom.development.js:22381:3)
      at finishSyncRender (node_modules/react-dom/cjs/react-dom.development.js:21807:3)
      at performSyncWorkOnRoot (node_modules/react-dom/cjs/react-dom.development.js:21793:7)
      at scheduleUpdateOnFiber (node_modules/react-dom/cjs/react-dom.development.js:21188:7)
      at updateContainer (node_modules/react-dom/cjs/react-dom.development.js:24373:3)
      at node_modules/react-dom/cjs/react-dom.development.js:24758:7
      at unbatchedUpdates (node_modules/react-dom/cjs/react-dom.development.js:21903:12)
      at legacyRenderSubtreeIntoContainer (node_modules/react-dom/cjs/react-dom.development.js:24757:5)
      at Object.render (node_modules/react-dom/cjs/react-dom.development.js:24840:10)
      at node_modules/@testing-library/react/dist/pure.js:101:25
      at batchedUpdates$1 (node_modules/react-dom/cjs/react-dom.development.js:21856:12)
      at act (node_modules/react-dom/cjs/react-dom-test-utils.development.js:929:14)
      at render (node_modules/@testing-library/react/dist/pure.js:97:26)
      at Object.<anonymous> (src/App.test.js:117:15)
      at TestScheduler.scheduleTests (node_modules/@jest/core/build/TestScheduler.js:333:13)

  console.error
    The above error occurred in the <img> component:
        in img (created by App)
        in div (created by App)
        in header (created by App)
        in div (created by App)
        in App
    
    Consider adding an error boundary to your tree to customize error handling behavior.
    Visit https://fb.me/react-error-boundaries to learn more about error boundaries.

    [0m [90m 115 |[39m         })[33m;[39m
     [90m 116 |[39m
    [31m[1m>[22m[39m[90m 117 |[39m         render([33m<[39m[33mApp[39m [33m/[39m[33m>[39m)[33m;[39m
     [90m     |[39m               [31m[1m^[22m[39m
     [90m 118 |[39m
     [90m 119 |[39m         [90m// Select folder and analyze[39m
     [90m 120 |[39m         fireEvent[33m.[39mclick(screen[33m.[39mgetByRole([32m'button'[39m[33m,[39m { name[33m:[39m [35m/browse/i[39m }))[33m;[39m[0m

      at logCapturedError (node_modules/react-dom/cjs/react-dom.development.js:19527:21)
      at logError (node_modules/react-dom/cjs/react-dom.development.js:19564:5)
      at update.callback (node_modules/react-dom/cjs/react-dom.development.js:20708:5)
      at callCallback (node_modules/react-dom/cjs/react-dom.development.js:12490:12)
      at commitUpdateQueue (node_modules/react-dom/cjs/react-dom.development.js:12511:9)
      at commitLifeCycles (node_modules/react-dom/cjs/react-dom.development.js:19883:11)
      at commitLayoutEffects (node_modules/react-dom/cjs/react-dom.development.js:22803:7)
      at HTMLUnknownElement.callCallback (node_modules/react-dom/cjs/react-dom.development.js:188:14)
      at HTMLUnknownElement.callTheUserObjectsOperation (node_modules/jsdom/lib/jsdom/living/generated/EventListener.js:26:30)
      at innerInvokeEventListeners (node_modules/jsdom/lib/jsdom/living/events/EventTarget-impl.js:338:25)
      at invokeEventListeners (node_modules/jsdom/lib/jsdom/living/events/EventTarget-impl.js:274:3)
      at HTMLUnknownElementImpl._dispatch (node_modules/jsdom/lib/jsdom/living/events/EventTarget-impl.js:221:9)
      at HTMLUnknownElementImpl.dispatchEvent (node_modules/jsdom/lib/jsdom/living/events/EventTarget-impl.js:94:17)
      at HTMLUnknownElement.dispatchEvent (node_modules/jsdom/lib/jsdom/living/generated/EventTarget.js:231:34)
      at Object.invokeGuardedCallbackDev (node_modules/react-dom/cjs/react-dom.development.js:237:16)
      at invokeGuardedCallback (node_modules/react-dom/cjs/react-dom.development.js:292:31)
      at commitRootImpl (node_modules/react-dom/cjs/react-dom.development.js:22541:9)
      at unstable_runWithPriority (node_modules/scheduler/cjs/scheduler.development.js:653:12)
      at runWithPriority$1 (node_modules/react-dom/cjs/react-dom.development.js:11039:10)
      at commitRoot (node_modules/react-dom/cjs/react-dom.development.js:22381:3)
      at finishSyncRender (node_modules/react-dom/cjs/react-dom.development.js:21807:3)
      at performSyncWorkOnRoot (node_modules/react-dom/cjs/react-dom.development.js:21793:7)
      at scheduleUpdateOnFiber (node_modules/react-dom/cjs/react-dom.development.js:21188:7)
      at updateContainer (node_modules/react-dom/cjs/react-dom.development.js:24373:3)
      at node_modules/react-dom/cjs/react-dom.development.js:24758:7
      at unbatchedUpdates (node_modules/react-dom/cjs/react-dom.development.js:21903:12)
      at legacyRenderSubtreeIntoContainer (node_modules/react-dom/cjs/react-dom.development.js:24757:5)
      at Object.render (node_modules/react-dom/cjs/react-dom.development.js:24840:10)
      at node_modules/@testing-library/react/dist/pure.js:101:25
      at batchedUpdates$1 (node_modules/react-dom/cjs/react-dom.development.js:21856:12)
      at act (node_modules/react-dom/cjs/react-dom-test-utils.development.js:929:14)
      at render (node_modules/@testing-library/react/dist/pure.js:97:26)
      at Object.<anonymous> (src/App.test.js:117:15)
      at TestScheduler.scheduleTests (node_modules/@jest/core/build/TestScheduler.js:333:13)

npm : FAIL src/App.test.js
At line:1 char:1
+ npm test src/App.test.js > test_output.txt 2>&1
+ ~~~~~~~~~~~~~~~~~~~~~~~~~~~~~~~~~~~~~~~~~~~~~~~
    + CategoryInfo          : NotSpecified: (FAIL src/App.test.js:String) [],  
   RemoteException
    + FullyQualifiedErrorId : NativeCommandError
 
  App Component
    ├ù renders header with title (99 ms)
    ├ù renders empty state initially (18 ms)
    ├ù renders folder browser with browse button (15 ms)
    ├ù browse button calls selectFolder (16 ms)
    ├ù analyze button is disabled when no folder selected (16 ms)
    ├ù shows error when analysis fails (16 ms)
    ├ù displays results after successful analysis (14 ms)

  ΓùÅ App Component ΓÇ║ renders header with title

    TypeError: symbol is not a function

    [0m [90m 18 |[39m describe([32m'App Component'[39m[33m,[39m () 
[33m=>[39m {
     [90m 19 |[39m     test([32m'renders header with title'[39m[33m,[39m 
() [33m=>[39m {
    [31m[1m>[22m[39m[90m 20 |[39m         
render([33m<[39m[33mApp[39m [33m/[39m[33m>[39m)[33m;[39m
     [90m    |[39m               [31m[1m^[22m[39m
     [90m 21 |[39m         expect(screen[33m.[39mgetByText([32m'Voyagerr 
Lens'[39m))[33m.[39mtoBeInTheDocument()[33m;[39m
     [90m 22 |[39m         expect(screen[33m.[39mgetByText([32m'Analyze 
code metrics and test coverage'[39m))[33m.[39mtoBeInTheDocument()[33m;[39m
     [90m 23 |[39m     })[33m;[39m[0m

      at setValueForProperty 
(node_modules/react-dom/cjs/react-dom.development.js:1339:29)
      at setInitialDOMProperties 
(node_modules/react-dom/cjs/react-dom.development.js:5831:7)
      at setInitialProperties 
(node_modules/react-dom/cjs/react-dom.development.js:6026:3)
      at finalizeInitialChildren 
(node_modules/react-dom/cjs/react-dom.development.js:7499:3)
      at completeWork 
(node_modules/react-dom/cjs/react-dom.development.js:18978:17)
      at completeUnitOfWork 
(node_modules/react-dom/cjs/react-dom.development.js:22189:16)
      at performUnitOfWork 
(node_modules/react-dom/cjs/react-dom.development.js:22165:12)
      at workLoopSync 
(node_modules/react-dom/cjs/react-dom.development.js:22130:22)
      at performSyncWorkOnRoot 
(node_modules/react-dom/cjs/react-dom.development.js:21756:9)
      at scheduleUpdateOnFiber 
(node_modules/react-dom/cjs/react-dom.development.js:21188:7)
      at updateContainer 
(node_modules/react-dom/cjs/react-dom.development.js:24373:3)
      at node_modules/react-dom/cjs/react-dom.development.js:24758:7
      at unbatchedUpdates 
(node_modules/react-dom/cjs/react-dom.development.js:21903:12)
      at legacyRenderSubtreeIntoContainer 
(node_modules/react-dom/cjs/react-dom.development.js:24757:5)
      at Object.render 
(node_modules/react-dom/cjs/react-dom.development.js:24840:10)
      at node_modules/@testing-library/react/dist/pure.js:101:25
      at batchedUpdates$1 
(node_modules/react-dom/cjs/react-dom.development.js:21856:12)
      at act 
(node_modules/react-dom/cjs/react-dom-test-utils.development.js:929:14)
      at render (node_modules/@testing-library/react/dist/pure.js:97:26)
      at Object.<anonymous> (src/App.test.js:20:15)
      at TestScheduler.scheduleTests 
(node_modules/@jest/core/build/TestScheduler.js:333:13)
      at runJest (node_modules/@jest/core/build/runJest.js:404:19)
      at _run10000 (node_modules/@jest/core/build/cli/index.js:320:7)
      at runCLI (node_modules/@jest/core/build/cli/index.js:173:3)

  ΓùÅ App Component ΓÇ║ renders empty state initially

    TypeError: symbol is not a function

    [0m [90m 24 |[39m
     [90m 25 |[39m     test([32m'renders empty state 
initially'[39m[33m,[39m () [33m=>[39m {
    [31m[1m>[22m[39m[90m 26 |[39m         
render([33m<[39m[33mApp[39m [33m/[39m[33m>[39m)[33m;[39m
     [90m    |[39m               [31m[1m^[22m[39m
     [90m 27 |[39m         expect(screen[33m.[39mgetByText([32m'No folder 
selected'[39m))[33m.[39mtoBeInTheDocument()[33m;[39m
     [90m 28 |[39m     })[33m;[39m
     [90m 29 |[39m[0m

      at setValueForProperty 
(node_modules/react-dom/cjs/react-dom.development.js:1339:29)
      at setInitialDOMProperties 
(node_modules/react-dom/cjs/react-dom.development.js:5831:7)
      at setInitialProperties 
(node_modules/react-dom/cjs/react-dom.development.js:6026:3)
      at finalizeInitialChildren 
(node_modules/react-dom/cjs/react-dom.development.js:7499:3)
      at completeWork 
(node_modules/react-dom/cjs/react-dom.development.js:18978:17)
      at completeUnitOfWork 
(node_modules/react-dom/cjs/react-dom.development.js:22189:16)
      at performUnitOfWork 
(node_modules/react-dom/cjs/react-dom.development.js:22165:12)
      at workLoopSync 
(node_modules/react-dom/cjs/react-dom.development.js:22130:22)
      at performSyncWorkOnRoot 
(node_modules/react-dom/cjs/react-dom.development.js:21756:9)
      at scheduleUpdateOnFiber 
(node_modules/react-dom/cjs/react-dom.development.js:21188:7)
      at updateContainer 
(node_modules/react-dom/cjs/react-dom.development.js:24373:3)
      at node_modules/react-dom/cjs/react-dom.development.js:24758:7
      at unbatchedUpdates 
(node_modules/react-dom/cjs/react-dom.development.js:21903:12)
      at legacyRenderSubtreeIntoContainer 
(node_modules/react-dom/cjs/react-dom.development.js:24757:5)
      at Object.render 
(node_modules/react-dom/cjs/react-dom.development.js:24840:10)
      at node_modules/@testing-library/react/dist/pure.js:101:25
      at batchedUpdates$1 
(node_modules/react-dom/cjs/react-dom.development.js:21856:12)
      at act 
(node_modules/react-dom/cjs/react-dom-test-utils.development.js:929:14)
      at render (node_modules/@testing-library/react/dist/pure.js:97:26)
      at Object.<anonymous> (src/App.test.js:26:15)
      at TestScheduler.scheduleTests 
(node_modules/@jest/core/build/TestScheduler.js:333:13)
      at runJest (node_modules/@jest/core/build/runJest.js:404:19)
      at _run10000 (node_modules/@jest/core/build/cli/index.js:320:7)
      at runCLI (node_modules/@jest/core/build/cli/index.js:173:3)

  ΓùÅ App Component ΓÇ║ renders folder browser with browse button

    TypeError: symbol is not a function

    [0m [90m 29 |[39m
     [90m 30 |[39m     test([32m'renders folder browser with browse 
button'[39m[33m,[39m () [33m=>[39m {
    [31m[1m>[22m[39m[90m 31 |[39m         
render([33m<[39m[33mApp[39m [33m/[39m[33m>[39m)[33m;[39m
     [90m    |[39m               [31m[1m^[22m[39m
     [90m 32 |[39m         
expect(screen[33m.[39mgetByRole([32m'button'[39m[33m,[39m { 
name[33m:[39m [35m/browse/i[39m 
}))[33m.[39mtoBeInTheDocument()[33m;[39m
     [90m 33 |[39m         
expect(screen[33m.[39mgetByRole([32m'button'[39m[33m,[39m { 
name[33m:[39m [35m/analyze/i[39m 
}))[33m.[39mtoBeInTheDocument()[33m;[39m
     [90m 34 |[39m     })[33m;[39m[0m

      at setValueForProperty 
(node_modules/react-dom/cjs/react-dom.development.js:1339:29)
      at setInitialDOMProperties 
(node_modules/react-dom/cjs/react-dom.development.js:5831:7)
      at setInitialProperties 
(node_modules/react-dom/cjs/react-dom.development.js:6026:3)
      at finalizeInitialChildren 
(node_modules/react-dom/cjs/react-dom.development.js:7499:3)
      at completeWork 
(node_modules/react-dom/cjs/react-dom.development.js:18978:17)
      at completeUnitOfWork 
(node_modules/react-dom/cjs/react-dom.development.js:22189:16)
      at performUnitOfWork 
(node_modules/react-dom/cjs/react-dom.development.js:22165:12)
      at workLoopSync 
(node_modules/react-dom/cjs/react-dom.development.js:22130:22)
      at performSyncWorkOnRoot 
(node_modules/react-dom/cjs/react-dom.development.js:21756:9)
      at scheduleUpdateOnFiber 
(node_modules/react-dom/cjs/react-dom.development.js:21188:7)
      at updateContainer 
(node_modules/react-dom/cjs/react-dom.development.js:24373:3)
      at node_modules/react-dom/cjs/react-dom.development.js:24758:7
      at unbatchedUpdates 
(node_modules/react-dom/cjs/react-dom.development.js:21903:12)
      at legacyRenderSubtreeIntoContainer 
(node_modules/react-dom/cjs/react-dom.development.js:24757:5)
      at Object.render 
(node_modules/react-dom/cjs/react-dom.development.js:24840:10)
      at node_modules/@testing-library/react/dist/pure.js:101:25
      at batchedUpdates$1 
(node_modules/react-dom/cjs/react-dom.development.js:21856:12)
      at act 
(node_modules/react-dom/cjs/react-dom-test-utils.development.js:929:14)
      at render (node_modules/@testing-library/react/dist/pure.js:97:26)
      at Object.<anonymous> (src/App.test.js:31:15)
      at TestScheduler.scheduleTests 
(node_modules/@jest/core/build/TestScheduler.js:333:13)
      at runJest (node_modules/@jest/core/build/runJest.js:404:19)
      at _run10000 (node_modules/@jest/core/build/cli/index.js:320:7)
      at runCLI (node_modules/@jest/core/build/cli/index.js:173:3)

  ΓùÅ App Component ΓÇ║ browse button calls selectFolder

    TypeError: symbol is not a function

    [0m [90m 37 |[39m         mockElectronAPI[33m.[39mselectFolder[33m.[
39mmockResolvedValue([32m'/test/path'[39m)[33m;[39m
     [90m 38 |[39m
    [31m[1m>[22m[39m[90m 39 |[39m         
render([33m<[39m[33mApp[39m [33m/[39m[33m>[39m)[33m;[39m
     [90m    |[39m               [31m[1m^[22m[39m
     [90m 40 |[39m
     [90m 41 |[39m         [36mconst[39m browseButton [33m=[39m 
screen[33m.[39mgetByRole([32m'button'[39m[33m,[39m { name[33m:[39m 
[35m/browse/i[39m })[33m;[39m
     [90m 42 |[39m         
fireEvent[33m.[39mclick(browseButton)[33m;[39m[0m

      at setValueForProperty 
(node_modules/react-dom/cjs/react-dom.development.js:1339:29)
      at setInitialDOMProperties 
(node_modules/react-dom/cjs/react-dom.development.js:5831:7)
      at setInitialProperties 
(node_modules/react-dom/cjs/react-dom.development.js:6026:3)
      at finalizeInitialChildren 
(node_modules/react-dom/cjs/react-dom.development.js:7499:3)
      at completeWork 
(node_modules/react-dom/cjs/react-dom.development.js:18978:17)
      at completeUnitOfWork 
(node_modules/react-dom/cjs/react-dom.development.js:22189:16)
      at performUnitOfWork 
(node_modules/react-dom/cjs/react-dom.development.js:22165:12)
      at workLoopSync 
(node_modules/react-dom/cjs/react-dom.development.js:22130:22)
      at performSyncWorkOnRoot 
(node_modules/react-dom/cjs/react-dom.development.js:21756:9)
      at scheduleUpdateOnFiber 
(node_modules/react-dom/cjs/react-dom.development.js:21188:7)
      at updateContainer 
(node_modules/react-dom/cjs/react-dom.development.js:24373:3)
      at node_modules/react-dom/cjs/react-dom.development.js:24758:7
      at unbatchedUpdates 
(node_modules/react-dom/cjs/react-dom.development.js:21903:12)
      at legacyRenderSubtreeIntoContainer 
(node_modules/react-dom/cjs/react-dom.development.js:24757:5)
      at Object.render 
(node_modules/react-dom/cjs/react-dom.development.js:24840:10)
      at node_modules/@testing-library/react/dist/pure.js:101:25
      at batchedUpdates$1 
(node_modules/react-dom/cjs/react-dom.development.js:21856:12)
      at act 
(node_modules/react-dom/cjs/react-dom-test-utils.development.js:929:14)
      at render (node_modules/@testing-library/react/dist/pure.js:97:26)
      at Object.<anonymous> (src/App.test.js:39:15)
      at TestScheduler.scheduleTests 
(node_modules/@jest/core/build/TestScheduler.js:333:13)
      at runJest (node_modules/@jest/core/build/runJest.js:404:19)
      at _run10000 (node_modules/@jest/core/build/cli/index.js:320:7)
      at runCLI (node_modules/@jest/core/build/cli/index.js:173:3)

  ΓùÅ App Component ΓÇ║ analyze button is disabled when no folder selected

    TypeError: symbol is not a function

    [0m [90m 48 |[39m
     [90m 49 |[39m     test([32m'analyze button is disabled when no folder 
selected'[39m[33m,[39m () [33m=>[39m {
    [31m[1m>[22m[39m[90m 50 |[39m         
render([33m<[39m[33mApp[39m [33m/[39m[33m>[39m)[33m;[39m
     [90m    |[39m               [31m[1m^[22m[39m
     [90m 51 |[39m
     [90m 52 |[39m         [36mconst[39m analyzeButton [33m=[39m 
screen[33m.[39mgetByRole([32m'button'[39m[33m,[39m { name[33m:[39m 
[35m/analyze/i[39m })[33m;[39m
     [90m 53 |[39m         
expect(analyzeButton)[33m.[39mtoBeDisabled()[33m;[39m[0m

      at setValueForProperty 
(node_modules/react-dom/cjs/react-dom.development.js:1339:29)
      at setInitialDOMProperties 
(node_modules/react-dom/cjs/react-dom.development.js:5831:7)
      at setInitialProperties 
(node_modules/react-dom/cjs/react-dom.development.js:6026:3)
      at finalizeInitialChildren 
(node_modules/react-dom/cjs/react-dom.development.js:7499:3)
      at completeWork 
(node_modules/react-dom/cjs/react-dom.development.js:18978:17)
      at completeUnitOfWork 
(node_modules/react-dom/cjs/react-dom.development.js:22189:16)
      at performUnitOfWork 
(node_modules/react-dom/cjs/react-dom.development.js:22165:12)
      at workLoopSync 
(node_modules/react-dom/cjs/react-dom.development.js:22130:22)
      at performSyncWorkOnRoot 
(node_modules/react-dom/cjs/react-dom.development.js:21756:9)
      at scheduleUpdateOnFiber 
(node_modules/react-dom/cjs/react-dom.development.js:21188:7)
      at updateContainer 
(node_modules/react-dom/cjs/react-dom.development.js:24373:3)
      at node_modules/react-dom/cjs/react-dom.development.js:24758:7
      at unbatchedUpdates 
(node_modules/react-dom/cjs/react-dom.development.js:21903:12)
      at legacyRenderSubtreeIntoContainer 
(node_modules/react-dom/cjs/react-dom.development.js:24757:5)
      at Object.render 
(node_modules/react-dom/cjs/react-dom.development.js:24840:10)
      at node_modules/@testing-library/react/dist/pure.js:101:25
      at batchedUpdates$1 
(node_modules/react-dom/cjs/react-dom.development.js:21856:12)
      at act 
(node_modules/react-dom/cjs/react-dom-test-utils.development.js:929:14)
      at render (node_modules/@testing-library/react/dist/pure.js:97:26)
      at Object.<anonymous> (src/App.test.js:50:15)
      at TestScheduler.scheduleTests 
(node_modules/@jest/core/build/TestScheduler.js:333:13)
      at runJest (node_modules/@jest/core/build/runJest.js:404:19)
      at _run10000 (node_modules/@jest/core/build/cli/index.js:320:7)
      at runCLI (node_modules/@jest/core/build/cli/index.js:173:3)

  ΓùÅ App Component ΓÇ║ shows error when analysis fails

    TypeError: symbol is not a function

    [0m [90m 61 |[39m         })[33m;[39m
     [90m 62 |[39m
    [31m[1m>[22m[39m[90m 63 |[39m         
render([33m<[39m[33mApp[39m [33m/[39m[33m>[39m)[33m;[39m
     [90m    |[39m               [31m[1m^[22m[39m
     [90m 64 |[39m
     [90m 65 |[39m         [90m// Select folder first[39m
     [90m 66 |[39m         [36mconst[39m browseButton [33m=[39m 
screen[33m.[39mgetByRole([32m'button'[39m[33m,[39m { name[33m:[39m 
[35m/browse/i[39m })[33m;[39m[0m

      at setValueForProperty 
(node_modules/react-dom/cjs/react-dom.development.js:1339:29)
      at setInitialDOMProperties 
(node_modules/react-dom/cjs/react-dom.development.js:5831:7)
      at setInitialProperties 
(node_modules/react-dom/cjs/react-dom.development.js:6026:3)
      at finalizeInitialChildren 
(node_modules/react-dom/cjs/react-dom.development.js:7499:3)
      at completeWork 
(node_modules/react-dom/cjs/react-dom.development.js:18978:17)
      at completeUnitOfWork 
(node_modules/react-dom/cjs/react-dom.development.js:22189:16)
      at performUnitOfWork 
(node_modules/react-dom/cjs/react-dom.development.js:22165:12)
      at workLoopSync 
(node_modules/react-dom/cjs/react-dom.development.js:22130:22)
      at performSyncWorkOnRoot 
(node_modules/react-dom/cjs/react-dom.development.js:21756:9)
      at scheduleUpdateOnFiber 
(node_modules/react-dom/cjs/react-dom.development.js:21188:7)
      at updateContainer 
(node_modules/react-dom/cjs/react-dom.development.js:24373:3)
      at node_modules/react-dom/cjs/react-dom.development.js:24758:7
      at unbatchedUpdates 
(node_modules/react-dom/cjs/react-dom.development.js:21903:12)
      at legacyRenderSubtreeIntoContainer 
(node_modules/react-dom/cjs/react-dom.development.js:24757:5)
      at Object.render 
(node_modules/react-dom/cjs/react-dom.development.js:24840:10)
      at node_modules/@testing-library/react/dist/pure.js:101:25
      at batchedUpdates$1 
(node_modules/react-dom/cjs/react-dom.development.js:21856:12)
      at act 
(node_modules/react-dom/cjs/react-dom-test-utils.development.js:929:14)
      at render (node_modules/@testing-library/react/dist/pure.js:97:26)
      at Object.<anonymous> (src/App.test.js:63:15)
      at TestScheduler.scheduleTests 
(node_modules/@jest/core/build/TestScheduler.js:333:13)
      at runJest (node_modules/@jest/core/build/runJest.js:404:19)
      at _run10000 (node_modules/@jest/core/build/cli/index.js:320:7)
      at runCLI (node_modules/@jest/core/build/cli/index.js:173:3)

  ΓùÅ App Component ΓÇ║ displays results after successful analysis

    TypeError: symbol is not a function

    [0m [90m 115 |[39m         })[33m;[39m
     [90m 116 |[39m
    [31m[1m>[22m[39m[90m 117 |[39m         
render([33m<[39m[33mApp[39m [33m/[39m[33m>[39m)[33m;[39m
     [90m     |[39m               [31m[1m^[22m[39m
     [90m 118 |[39m
     [90m 119 |[39m         [90m// Select folder and analyze[39m
     [90m 120 |[39m         fireEvent[33m.[39mclick(screen[33m.[39mgetByR
ole([32m'button'[39m[33m,[39m { name[33m:[39m [35m/browse/i[39m 
}))[33m;[39m[0m

      at setValueForProperty 
(node_modules/react-dom/cjs/react-dom.development.js:1339:29)
      at setInitialDOMProperties 
(node_modules/react-dom/cjs/react-dom.development.js:5831:7)
      at setInitialProperties 
(node_modules/react-dom/cjs/react-dom.development.js:6026:3)
      at finalizeInitialChildren 
(node_modules/react-dom/cjs/react-dom.development.js:7499:3)
      at completeWork 
(node_modules/react-dom/cjs/react-dom.development.js:18978:17)
      at completeUnitOfWork 
(node_modules/react-dom/cjs/react-dom.development.js:22189:16)
      at performUnitOfWork 
(node_modules/react-dom/cjs/react-dom.development.js:22165:12)
      at workLoopSync 
(node_modules/react-dom/cjs/react-dom.development.js:22130:22)
      at performSyncWorkOnRoot 
(node_modules/react-dom/cjs/react-dom.development.js:21756:9)
      at scheduleUpdateOnFiber 
(node_modules/react-dom/cjs/react-dom.development.js:21188:7)
      at updateContainer 
(node_modules/react-dom/cjs/react-dom.development.js:24373:3)
      at node_modules/react-dom/cjs/react-dom.development.js:24758:7
      at unbatchedUpdates 
(node_modules/react-dom/cjs/react-dom.development.js:21903:12)
      at legacyRenderSubtreeIntoContainer 
(node_modules/react-dom/cjs/react-dom.development.js:24757:5)
      at Object.render 
(node_modules/react-dom/cjs/react-dom.development.js:24840:10)
      at node_modules/@testing-library/react/dist/pure.js:101:25
      at batchedUpdates$1 
(node_modules/react-dom/cjs/react-dom.development.js:21856:12)
      at act 
(node_modules/react-dom/cjs/react-dom-test-utils.development.js:929:14)
      at render (node_modules/@testing-library/react/dist/pure.js:97:26)
      at Object.<anonymous> (src/App.test.js:117:15)
      at TestScheduler.scheduleTests 
(node_modules/@jest/core/build/TestScheduler.js:333:13)
      at runJest (node_modules/@jest/core/build/runJest.js:404:19)
      at _run10000 (node_modules/@jest/core/build/cli/index.js:320:7)
      at runCLI (node_modules/@jest/core/build/cli/index.js:173:3)

Test Suites: 1 failed, 1 total
Tests:       7 failed, 7 total
Snapshots:   0 total
Time:        3.624 s
Ran all test suites matching /src\\App.test.js/i.
